C:\Users\Lucas\IdeaProjects\a09-akari-ldsharpe\src\main\java\com\comp301\a09akari\view\FXComponent.java
C:\Users\Lucas\IdeaProjects\a09-akari-ldsharpe\src\main\java\com\comp301\a09akari\controller\AlternateMvcController.java
C:\Users\Lucas\IdeaProjects\a09-akari-ldsharpe\src\main\java\com\comp301\a09akari\model\PuzzleLibraryImpl.java
C:\Users\Lucas\IdeaProjects\a09-akari-ldsharpe\src\main\java\com\comp301\a09akari\Main.java
C:\Users\Lucas\IdeaProjects\a09-akari-ldsharpe\src\main\java\com\comp301\a09akari\model\Model.java
C:\Users\Lucas\IdeaProjects\a09-akari-ldsharpe\src\main\java\com\comp301\a09akari\controller\ClassicMvcController.java
C:\Users\Lucas\IdeaProjects\a09-akari-ldsharpe\src\main\java\com\comp301\a09akari\model\Puzzle.java
C:\Users\Lucas\IdeaProjects\a09-akari-ldsharpe\src\main\java\com\comp301\a09akari\model\CellType.java
C:\Users\Lucas\IdeaProjects\a09-akari-ldsharpe\src\main\java\com\comp301\a09akari\SamplePuzzles.java
C:\Users\Lucas\IdeaProjects\a09-akari-ldsharpe\src\main\java\com\comp301\a09akari\model\PuzzleLibrary.java
C:\Users\Lucas\IdeaProjects\a09-akari-ldsharpe\src\main\java\com\comp301\a09akari\view\AppLauncher.java
C:\Users\Lucas\IdeaProjects\a09-akari-ldsharpe\src\main\java\com\comp301\a09akari\model\ModelObserver.java
